<?xml version="1.0" encoding="UTF-8"?>
<testsuites name="jest tests" tests="1" failures="0" errors="0" time="4.043">
  <testsuite name="src\App.test.js" errors="0" failures="0" skipped="0" timestamp="2025-02-24T10:17:53" time="2.172" tests="1">
    <testcase classname="-renders learn Jenkins link" name="-renders learn Jenkins link" time="0.047">
    </testcase>
  </testsuite>
</testsuites>